// Jest Snapshot v1, https://goo.gl/fbAQLP

exports[`Property Card component renders correctly when prop: property 1`] = `
<div
  className="sc-htpNat iTTEgg"
>
  <div
    className="sc-ifAKCX kECKUx"
  >
    <img
      alt="agency-logo"
      src="http://i1.au.reastatic.net/agencylogo/XRWXMT/12/20120927204448.gif"
    />
  </div>
  <div
    className="sc-bxivhb ixLYhq"
  >
    <div
      className="imageOverlay sc-bwzfXH hiiADv"
    />
    <div
      className="sc-EHOje dOYSlg"
    />
  </div>
  <div
    className="sc-bZQynM bTOkHN"
  >
    <p
      className="sc-gzVnrw lmcKFS"
    >
      $726,500
    </p>
  </div>
  <div
    className="propertyButton sc-bdVaJa eZMaBW"
    onClick={[Function]}
  >
    Add
     property
  </div>
</div>
`;
